{"sessionId":"ff0e8e","id":"log_1778208759704_31","timestamp":1778208759704,"runId":"pre-fix","location":"AdminReviewsController.colRating","hypothesisId":"adminReviewsStarRendering","message":"Rendered admin review stars","data":{"rating":5}}
{"sessionId":"ff0e8e","id":"log_1778236297258_31","timestamp":1778236297258,"runId":"pre-fix","location":"AdminReviewsController.colRating","hypothesisId":"adminReviewsStarRendering","message":"Rendered admin review stars","data":{"rating":5}}
{"sessionId":"ff0e8e","id":"log_1778236498959_31","timestamp":1778236498959,"runId":"pre-fix","location":"ProductDetailController.setRating","hypothesisId":"productDetailSelectedRating","message":"Updated selected rating stars","data":{"rating":0}}
{"sessionId":"ff0e8e","id":"log_1778236498966_31","timestamp":1778236498966,"runId":"pre-fix","location":"ProductDetailController.initialize","hypothesisId":"wishlistToggleButtonLabel","message":"Initial wishlist button state captured","data":{"productId":14,"buttonText":"Save","isInWishlist":false}}
{"sessionId":"ff0e8e","id":"log_1778236499031_31","timestamp":1778236499031,"runId":"pre-fix","location":"ProductDetailController.updateAverageStars","hypothesisId":"productDetailAverageStars","message":"Rendered average rating stars","data":{"avg":0.0,"fullStars":0}}
{"sessionId":"ff0e8e","id":"log_1778236517388_31","timestamp":1778236517388,"runId":"pre-fix","location":"ProductDetailController.setRating","hypothesisId":"productDetailSelectedRating","message":"Updated selected rating stars","data":{"rating":4}}
{"sessionId":"ff0e8e","id":"log_1778236523622_31","timestamp":1778236523622,"runId":"pre-fix","location":"ProductDetailController.setRating","hypothesisId":"productDetailSelectedRating","message":"Updated selected rating stars","data":{"rating":0}}
{"sessionId":"ff0e8e","id":"log_1778236523628_31","timestamp":1778236523628,"runId":"pre-fix","location":"ProductDetailController.updateAverageStars","hypothesisId":"productDetailAverageStars","message":"Rendered average rating stars","data":{"avg":4.0,"fullStars":4}}
{"sessionId":"ff0e8e","id":"log_1778236548540_31","timestamp":1778236548540,"runId":"pre-fix","location":"ProductDetailController.setRating","hypothesisId":"productDetailSelectedRating","message":"Updated selected rating stars","data":{"rating":0}}
{"sessionId":"ff0e8e","id":"log_1778236548553_31","timestamp":1778236548553,"runId":"pre-fix","location":"ProductDetailController.initialize","hypothesisId":"wishlistToggleButtonLabel","message":"Initial wishlist button state captured","data":{"productId":13,"buttonText":"Save","isInWishlist":false}}
{"sessionId":"ff0e8e","id":"log_1778236548645_31","timestamp":1778236548645,"runId":"pre-fix","location":"ProductDetailController.updateAverageStars","hypothesisId":"productDetailAverageStars","message":"Rendered average rating stars","data":{"avg":0.0,"fullStars":0}}
{"sessionId":"ff0e8e","id":"log_1778236552645_31","timestamp":1778236552645,"runId":"pre-fix","location":"ProductDetailController.toggleWishlist","hypothesisId":"wishlistToggleButtonLabel","message":"Toggling wishlist (before state)","data":{"productId":13,"buttonTextBefore":"Save","inWishlistBefore":false}}
{"sessionId":"ff0e8e","id":"log_1778236552738_31","timestamp":1778236552738,"runId":"pre-fix","location":"ProductDetailController.toggleWishlist","hypothesisId":"wishlistToggleButtonLabel","message":"Toggling wishlist (after state)","data":{"productId":13,"buttonTextAfter":"Remove","inWishlistAfter":true}}
{"sessionId":"ff0e8e","id":"log_1778236558734_31","timestamp":1778236558734,"runId":"pre-fix","location":"ProductDetailController.viewAllReviews","hypothesisId":"viewAllReviewsNav","message":"View All Reviews clicked; navigating","data":{"productId":13,"targetFxml":"product_reviews.fxml"}}
{"sessionId":"ff0e8e","id":"log_1778236558831_31","timestamp":1778236558831,"runId":"pre-fix","location":"ProductReviewsController.render","hypothesisId":"productAllReviews","message":"Rendered product reviews page","data":{"productId":13,"count":0}}
{"sessionId":"ff0e8e","id":"log_1778236562904_31","timestamp":1778236562904,"runId":"pre-fix","location":"ProductDetailController.setRating","hypothesisId":"productDetailSelectedRating","message":"Updated selected rating stars","data":{"rating":0}}
{"sessionId":"ff0e8e","id":"log_1778236562910_31","timestamp":1778236562910,"runId":"pre-fix","location":"ProductDetailController.initialize","hypothesisId":"wishlistToggleButtonLabel","message":"Initial wishlist button state captured","data":{"productId":13,"buttonText":"Save","isInWishlist":true}}
{"sessionId":"ff0e8e","id":"log_1778236562972_31","timestamp":1778236562972,"runId":"pre-fix","location":"ProductDetailController.updateAverageStars","hypothesisId":"productDetailAverageStars","message":"Rendered average rating stars","data":{"avg":0.0,"fullStars":0}}
{"sessionId":"ff0e8e","id":"log_1778236571593_31","timestamp":1778236571593,"runId":"pre-fix","location":"ProductDetailController.setRating","hypothesisId":"productDetailSelectedRating","message":"Updated selected rating stars","data":{"rating":0}}
{"sessionId":"ff0e8e","id":"log_1778236571603_31","timestamp":1778236571603,"runId":"pre-fix","location":"ProductDetailController.initialize","hypothesisId":"wishlistToggleButtonLabel","message":"Initial wishlist button state captured","data":{"productId":1,"buttonText":"Save","isInWishlist":false}}
{"sessionId":"ff0e8e","id":"log_1778236571680_31","timestamp":1778236571680,"runId":"pre-fix","location":"ProductDetailController.updateAverageStars","hypothesisId":"productDetailAverageStars","message":"Rendered average rating stars","data":{"avg":4.666666666666667,"fullStars":5}}
{"sessionId":"ff0e8e","id":"log_1778236573492_31","timestamp":1778236573492,"runId":"pre-fix","location":"ProductDetailController.viewAllReviews","hypothesisId":"viewAllReviewsNav","message":"View All Reviews clicked; navigating","data":{"productId":1,"targetFxml":"product_reviews.fxml"}}
{"sessionId":"ff0e8e","id":"log_1778236573558_31","timestamp":1778236573558,"runId":"pre-fix","location":"ProductReviewsController.render","hypothesisId":"productAllReviews","message":"Rendered product reviews page","data":{"productId":1,"count":3}}
{"sessionId":"ff0e8e","id":"log_1778236588298_31","timestamp":1778236588298,"runId":"pre-fix","location":"ProductDetailController.setRating","hypothesisId":"productDetailSelectedRating","message":"Updated selected rating stars","data":{"rating":0}}
{"sessionId":"ff0e8e","id":"log_1778236588306_31","timestamp":1778236588306,"runId":"pre-fix","location":"ProductDetailController.initialize","hypothesisId":"wishlistToggleButtonLabel","message":"Initial wishlist button state captured","data":{"productId":1,"buttonText":"Save","isInWishlist":false}}
{"sessionId":"ff0e8e","id":"log_1778236588456_31","timestamp":1778236588456,"runId":"pre-fix","location":"ProductDetailController.updateAverageStars","hypothesisId":"productDetailAverageStars","message":"Rendered average rating stars","data":{"avg":4.666666666666667,"fullStars":5}}
{"sessionId":"ff0e8e","id":"log_1778236599207_31","timestamp":1778236599207,"runId":"pre-fix","location":"CartController.viewWishlist","hypothesisId":"wishlistView","message":"Navigating to wishlist screen"}
{"sessionId":"ff0e8e","id":"log_1778236599251_31","timestamp":1778236599251,"runId":"pre-fix","location":"WishlistController.render","hypothesisId":"wishlistCrud","message":"Rendered wishlist screen","data":{"count":1}}
{"sessionId":"ff0e8e","id":"log_1778240720459_31","timestamp":1778240720459,"runId":"pre-fix","location":"AdminReviewsController.colRating","hypothesisId":"adminReviewsStarRendering","message":"Rendered admin review stars","data":{"rating":5}}
{"sessionId":"ff0e8e","id":"log_1778241010088_31","timestamp":1778241010088,"runId":"pre-fix","location":"AdminReviewsController.colRating","hypothesisId":"adminReviewsStarRendering","message":"Rendered admin review stars","data":{"rating":5}}
{"sessionId":"ff0e8e","id":"log_1778241303913_31","timestamp":1778241303913,"runId":"pre-fix","location":"ProductDetailController.setRating","hypothesisId":"productDetailSelectedRating","message":"Updated selected rating stars","data":{"rating":0}}
{"sessionId":"ff0e8e","id":"log_1778241303926_31","timestamp":1778241303926,"runId":"pre-fix","location":"ProductDetailController.initialize","hypothesisId":"wishlistToggleButtonLabel","message":"Initial wishlist button state captured","data":{"productId":11,"isInWishlist":true,"buttonText":"Save"}}
{"sessionId":"ff0e8e","id":"log_1778241304077_31","timestamp":1778241304077,"runId":"pre-fix","location":"ProductDetailController.updateAverageStars","hypothesisId":"productDetailAverageStars","message":"Rendered average rating stars","data":{"fullStars":3,"avg":3.0}}
{"sessionId":"ff0e8e","id":"log_1778241308670_31","timestamp":1778241308670,"runId":"pre-fix","location":"ProductDetailController.viewAllReviews","hypothesisId":"viewAllReviewsNav","message":"View All Reviews clicked; navigating","data":{"targetFxml":"product_reviews.fxml","productId":11}}
{"sessionId":"ff0e8e","id":"log_1778241308754_31","timestamp":1778241308754,"runId":"pre-fix","location":"ProductReviewsController.render","hypothesisId":"productAllReviews","message":"Rendered product reviews page","data":{"count":1,"productId":11}}
{"sessionId":"ff0e8e","id":"log_1778241320166_31","timestamp":1778241320166,"runId":"pre-fix","location":"ProductDetailController.setRating","hypothesisId":"productDetailSelectedRating","message":"Updated selected rating stars","data":{"rating":0}}
{"sessionId":"ff0e8e","id":"log_1778241320172_31","timestamp":1778241320172,"runId":"pre-fix","location":"ProductDetailController.initialize","hypothesisId":"wishlistToggleButtonLabel","message":"Initial wishlist button state captured","data":{"productId":11,"isInWishlist":true,"buttonText":"Save"}}
{"sessionId":"ff0e8e","id":"log_1778241320252_31","timestamp":1778241320252,"runId":"pre-fix","location":"ProductDetailController.updateAverageStars","hypothesisId":"productDetailAverageStars","message":"Rendered average rating stars","data":{"fullStars":3,"avg":3.0}}
{"sessionId":"ff0e8e","id":"log_1778241324473_31","timestamp":1778241324473,"runId":"pre-fix","location":"CartController.viewWishlist","hypothesisId":"wishlistView","message":"Navigating to wishlist screen"}
{"sessionId":"ff0e8e","id":"log_1778241324547_31","timestamp":1778241324547,"runId":"pre-fix","location":"WishlistController.render","hypothesisId":"wishlistCrud","message":"Rendered wishlist screen","data":{"count":7}}
{"sessionId":"ff0e8e","id":"log_1778244295700_32","timestamp":1778244295700,"runId":"pre-fix","location":"ProductDetailController.setRating","hypothesisId":"productDetailSelectedRating","message":"Updated selected rating stars","data":{"rating":0}}
{"sessionId":"ff0e8e","id":"log_1778244295718_32","timestamp":1778244295718,"runId":"pre-fix","location":"ProductDetailController.initialize","hypothesisId":"wishlistToggleButtonLabel","message":"Initial wishlist button state captured","data":{"productId":14,"buttonText":"Save","isInWishlist":false}}
{"sessionId":"ff0e8e","id":"log_1778244295892_32","timestamp":1778244295892,"runId":"pre-fix","location":"ProductDetailController.updateAverageStars","hypothesisId":"productDetailAverageStars","message":"Rendered average rating stars","data":{"avg":4.0,"fullStars":4}}
{"sessionId":"ff0e8e","id":"log_1778244307014_32","timestamp":1778244307014,"runId":"pre-fix","location":"ProductDetailController.toggleWishlist","hypothesisId":"wishlistToggleButtonLabel","message":"Toggling wishlist (before state)","data":{"productId":14,"buttonTextBefore":"Save","inWishlistBefore":false}}
{"sessionId":"ff0e8e","id":"log_1778244307475_32","timestamp":1778244307475,"runId":"pre-fix","location":"ProductDetailController.toggleWishlist","hypothesisId":"wishlistToggleButtonLabel","message":"Toggling wishlist (after state)","data":{"productId":14,"buttonTextAfter":"Remove","inWishlistAfter":true}}
{"sessionId":"ff0e8e","id":"log_1778244313625_32","timestamp":1778244313625,"runId":"pre-fix","location":"ProductDetailController.toggleWishlist","hypothesisId":"wishlistToggleButtonLabel","message":"Toggling wishlist (before state)","data":{"productId":14,"buttonTextBefore":"Remove","inWishlistBefore":true}}
{"sessionId":"ff0e8e","id":"log_1778244314140_32","timestamp":1778244314140,"runId":"pre-fix","location":"ProductDetailController.toggleWishlist","hypothesisId":"wishlistToggleButtonLabel","message":"Toggling wishlist (after state)","data":{"productId":14,"buttonTextAfter":"Save","inWishlistAfter":false}}
{"sessionId":"ff0e8e","id":"log_1778244333490_32","timestamp":1778244333490,"runId":"pre-fix","location":"CartController.viewWishlist","hypothesisId":"wishlistView","message":"Navigating to wishlist screen"}
{"sessionId":"ff0e8e","id":"log_1778244408810_32","timestamp":1778244408810,"runId":"pre-fix","location":"ProductDetailController.setRating","hypothesisId":"productDetailSelectedRating","message":"Updated selected rating stars","data":{"rating":0}}
{"sessionId":"ff0e8e","id":"log_1778244408818_32","timestamp":1778244408818,"runId":"pre-fix","location":"ProductDetailController.initialize","hypothesisId":"wishlistToggleButtonLabel","message":"Initial wishlist button state captured","data":{"productId":13,"buttonText":"Save","isInWishlist":false}}
{"sessionId":"ff0e8e","id":"log_1778244408941_32","timestamp":1778244408941,"runId":"pre-fix","location":"ProductDetailController.updateAverageStars","hypothesisId":"productDetailAverageStars","message":"Rendered average rating stars","data":{"avg":0.0,"fullStars":0}}
{"sessionId":"ff0e8e","id":"log_1778244417184_32","timestamp":1778244417184,"runId":"pre-fix","location":"ProductDetailController.setRating","hypothesisId":"productDetailSelectedRating","message":"Updated selected rating stars","data":{"rating":4}}
{"sessionId":"ff0e8e","id":"log_1778244424692_32","timestamp":1778244424692,"runId":"pre-fix","location":"ProductDetailController.setRating","hypothesisId":"productDetailSelectedRating","message":"Updated selected rating stars","data":{"rating":0}}
{"sessionId":"ff0e8e","id":"log_1778244424714_32","timestamp":1778244424714,"runId":"pre-fix","location":"ProductDetailController.updateAverageStars","hypothesisId":"productDetailAverageStars","message":"Rendered average rating stars","data":{"avg":4.0,"fullStars":4}}
{"sessionId":"ff0e8e","id":"log_1778244774464_32","timestamp":1778244774464,"runId":"pre-fix","location":"AdminReviewsController.colRating","hypothesisId":"adminReviewsStarRendering","message":"Rendered admin review stars","data":{"rating":5}}
